connector_id: fake.incumbent.hris
vendor: Human Capital Management Suite
product: Fake Incumbent HRIS
version: 1.0.0
maturity: PREVIEW
objects: [WORKER POSITION COMPENSATION]
capabilities:
  - WORKER:READ
  - POSITION:READ
  - COMPENSATION:READ
auth_modes: [OAUTH2_CLIENT_CREDENTIALS]
read_modes: [FULL INCREMENTAL DELTA]
write_modes: []
event_modes: []
schema_refs:
  - WORKER -> workday.worker/2026.1 (workday.worker/2026.1)
  - POSITION -> workday.position/2026.1 (workday.position/2026.1)
  - COMPENSATION -> workday.compensation/2026.1 (workday.compensation/2026.1)
bounds: page=2 pages=64 records=1024 bytes=8192 interval=0s
pagination: KEYSET sort=sort_key tie=external_id stable=true ttl=15m0s
rate: rpm=600 concurrency=4 burst=20
idempotency: field=Idempotency-Key retention=24h0m0s reads_idempotent=true
observation: watermark=recorded_at budget=24h0m0s completeness=true
reconciliation: keys=[external_id] comparable=[job_code grade pay_zone] point_read=true
health: probe=WORKER interval=1m0s degrade_after=3
digest: sha256:3818d54a9ca4f460b2ec26abfb10ad277bf2670a15b1b2dc1d00c9b96fa6bcaf
