node: node/commit workflow: wf/poison attempts: 4
error: ledger persistent 503 ambiguous: false
idempotency: idem-golden owner: operator-1 sla: 30m0s
action: repair:operations.repair.retry_budget repair: operations.repair.retry_budget route: REPAIR_REQUIRED
digest: sha256:4bfed2b70f11991785804792fee1b64f55a9e1ef1fe11be8eb35f43e68bea806
