simulation=sha256:0ca2527e899bb46e2bfa496bfcc392da29d5eeb6d0fc99d92a9d5a24c9c1ce89
executed=false
proposal=sha256:d5c1d3a4ad9534a024d65eed4bf33f582ab941e61dc988b2802873e20d51974d
masked=evidence:***,evidence:***,evidence:***,evidence:***,evidence:***,evidence:***,evidence:***,evidence:***,evidence:***,evidence:***,evidence:***,evidence:***,evidence:***,evidence:***,evidence:***,evidence:***
