leave_record=1
leave_program_eligibility=1
leave_entitlement_segment=1
leave_absence_link=1
leave_medical_detail=0
leave_evidence_ref=1
leave_work_restriction=1
leave_obligation=1
leave_intent_link=1
leave_balance_posting=1
leave_availability_revision=1
record.state=LEAVE_ACTIVE
eligibility.result=ELIGIBLE
segment.kind=paid
segment.hours=64
absence.link=absence:w1
availability.state=UNAVAILABLE
balance.ending=48.00
evidence.ref=evidence:note-8
restriction=no-lifting
obligation.state=OPEN
intent.kind=child
